This file contains any messages produced by compilers while
running configure, to aid debugging if configure makes a mistake.

It was created by json2txt configure 0.3~1, which was
generated by GNU Autoconf 2.69.  Invocation command line was

  $ ./configure --build=x86_64-linux-gnu --prefix=/usr --includedir=${prefix}/include --mandir=${prefix}/share/man --infodir=${prefix}/share/info --sysconfdir=/etc --localstatedir=/var --disable-silent-rules --libdir=${prefix}/lib/x86_64-linux-gnu --runstatedir=/run --disable-maintainer-mode --disable-dependency-tracking

## --------- ##
## Platform. ##
## --------- ##

hostname = Mayhem
uname -m = x86_64
uname -r = 5.15.0-139-generic
uname -s = Linux
uname -v = #149~20.04.1-Ubuntu SMP Wed Apr 16 08:29:56 UTC 2025

/usr/bin/uname -p = x86_64
/bin/uname -X     = unknown

/bin/arch              = x86_64
/usr/bin/arch -k       = unknown
/usr/convex/getsysinfo = unknown
/usr/bin/hostinfo      = unknown
/bin/machine           = unknown
/usr/bin/oslevel       = unknown
/bin/universe          = unknown

PATH: /home/thomas/.local/bin
PATH: /home/thomas/.local/bin
PATH: /usr/local/sbin
PATH: /usr/local/bin
PATH: /usr/sbin
PATH: /usr/bin
PATH: /sbin
PATH: /bin
PATH: /usr/games
PATH: /usr/local/games
PATH: /snap/bin


## ----------- ##
## Core tests. ##
## ----------- ##

configure:2335: checking for gcc
configure:2351: found /usr/bin/gcc
configure:2362: result: gcc
configure:2591: checking for C compiler version
configure:2600: gcc --version >&5
gcc (Ubuntu 9.4.0-1ubuntu1~20.04.2) 9.4.0
Copyright (C) 2019 Free Software Foundation, Inc.
This is free software; see the source for copying conditions.  There is NO
warranty; not even for MERCHANTABILITY or FITNESS FOR A PARTICULAR PURPOSE.

configure:2611: $? = 0
configure:2600: gcc -v >&5
Using built-in specs.
COLLECT_GCC=gcc
COLLECT_LTO_WRAPPER=/usr/lib/gcc/x86_64-linux-gnu/9/lto-wrapper
OFFLOAD_TARGET_NAMES=nvptx-none:hsa
OFFLOAD_TARGET_DEFAULT=1
Target: x86_64-linux-gnu
Configured with: ../src/configure -v --with-pkgversion='Ubuntu 9.4.0-1ubuntu1~20.04.2' --with-bugurl=file:///usr/share/doc/gcc-9/README.Bugs --enable-languages=c,ada,c++,go,brig,d,fortran,objc,obj-c++,gm2 --prefix=/usr --with-gcc-major-version-only --program-suffix=-9 --program-prefix=x86_64-linux-gnu- --enable-shared --enable-linker-build-id --libexecdir=/usr/lib --without-included-gettext --enable-threads=posix --libdir=/usr/lib --enable-nls --enable-clocale=gnu --enable-libstdcxx-debug --enable-libstdcxx-time=yes --with-default-libstdcxx-abi=new --enable-gnu-unique-object --disable-vtable-verify --enable-plugin --enable-default-pie --with-system-zlib --with-target-system-zlib=auto --enable-objc-gc=auto --enable-multiarch --disable-werror --with-arch-32=i686 --with-abi=m64 --with-multilib-list=m32,m64,mx32 --enable-multilib --with-tune=generic --enable-offload-targets=nvptx-none=/build/gcc-9-9QDOt0/gcc-9-9.4.0/debian/tmp-nvptx/usr,hsa --without-cuda-driver --enable-checking=release --build=x86_64-linux-gnu --host=x86_64-linux-gnu --target=x86_64-linux-gnu
Thread model: posix
gcc version 9.4.0 (Ubuntu 9.4.0-1ubuntu1~20.04.2) 
configure:2611: $? = 0
configure:2600: gcc -V >&5
gcc: error: unrecognized command line option '-V'
gcc: fatal error: no input files
compilation terminated.
configure:2611: $? = 1
configure:2600: gcc -qversion >&5
gcc: error: unrecognized command line option '-qversion'; did you mean '--version'?
gcc: fatal error: no input files
compilation terminated.
configure:2611: $? = 1
configure:2631: checking whether the C compiler works
configure:2653: gcc -g -O2 -fdebug-prefix-map=/home/thomas/git/json2txt.bak/v0.3/debian/json2txt-0.3~1=. -fstack-protector-strong -Wformat -Werror=format-security -Wdate-time -D_FORTIFY_SOURCE=2 -Wl,-Bsymbolic-functions -Wl,-z,relro conftest.c  >&5
configure:2657: $? = 0
configure:2705: result: yes
configure:2708: checking for C compiler default output file name
configure:2710: result: a.out
configure:2716: checking for suffix of executables
configure:2723: gcc -o conftest -g -O2 -fdebug-prefix-map=/home/thomas/git/json2txt.bak/v0.3/debian/json2txt-0.3~1=. -fstack-protector-strong -Wformat -Werror=format-security -Wdate-time -D_FORTIFY_SOURCE=2 -Wl,-Bsymbolic-functions -Wl,-z,relro conftest.c  >&5
configure:2727: $? = 0
configure:2749: result: 
configure:2771: checking whether we are cross compiling
configure:2779: gcc -o conftest -g -O2 -fdebug-prefix-map=/home/thomas/git/json2txt.bak/v0.3/debian/json2txt-0.3~1=. -fstack-protector-strong -Wformat -Werror=format-security -Wdate-time -D_FORTIFY_SOURCE=2 -Wl,-Bsymbolic-functions -Wl,-z,relro conftest.c  >&5
configure:2783: $? = 0
configure:2790: ./conftest
configure:2794: $? = 0
configure:2782: result: no
configure:2787: checking for suffix of object files
configure:2809: gcc -c -g -O2 -fdebug-prefix-map=/home/thomas/git/json2txt.bak/v0.3/debian/json2txt-0.3~1=. -fstack-protector-strong -Wformat -Werror=format-security -Wdate-time -D_FORTIFY_SOURCE=2 conftest.c >&5
configure:2813: $? = 0
configure:2834: result: o
configure:2838: checking whether we are using the GNU C compiler
configure:2857: gcc -c -g -O2 -fdebug-prefix-map=/home/thomas/git/json2txt.bak/v0.3/debian/json2txt-0.3~1=. -fstack-protector-strong -Wformat -Werror=format-security -Wdate-time -D_FORTIFY_SOURCE=2 conftest.c >&5
configure:2857: $? = 0
configure:2866: result: yes
configure:2875: checking whether gcc accepts -g
configure:2895: gcc -c -g -Wdate-time -D_FORTIFY_SOURCE=2 conftest.c >&5
configure:2895: $? = 0
configure:2936: result: yes
configure:2953: checking for gcc option to accept ISO C89
configure:3016: gcc  -c -g -O2 -fdebug-prefix-map=/home/thomas/git/json2txt.bak/v0.3/debian/json2txt-0.3~1=. -fstack-protector-strong -Wformat -Werror=format-security -Wdate-time -D_FORTIFY_SOURCE=2 conftest.c >&5
configure:3016: $? = 0
configure:3029: result: none needed
configure:3086: checking whether gcc understands -c and -o together
configure:3108: gcc -c conftest.c -o conftest2.o
configure:3111: $? = 0
configure:3108: gcc -c conftest.c -o conftest2.o
configure:3111: $? = 0
configure:3123: result: yes
configure:3144: checking for main in -ljson2txt
configure:3163: gcc -o conftest -g -O2 -fdebug-prefix-map=/home/thomas/git/json2txt.bak/v0.3/debian/json2txt-0.3~1=. -fstack-protector-strong -Wformat -Werror=format-security -Wdate-time -D_FORTIFY_SOURCE=2 -Wl,-Bsymbolic-functions -Wl,-z,relro conftest.c -ljson2txt   >&5
configure:3163: $? = 0
configure:3172: result: yes
configure:3190: checking how to run the C preprocessor
configure:3221: gcc -E -Wdate-time -D_FORTIFY_SOURCE=2 conftest.c
configure:3221: $? = 0
configure:3235: gcc -E -Wdate-time -D_FORTIFY_SOURCE=2 conftest.c
conftest.c:10:10: fatal error: ac_nonexistent.h: No such file or directory
   10 | #include <ac_nonexistent.h>
      |          ^~~~~~~~~~~~~~~~~~
compilation terminated.
configure:3235: $? = 1
configure: failed program was:
| /* confdefs.h */
| #define PACKAGE_NAME "json2txt"
| #define PACKAGE_TARNAME "json2txt"
| #define PACKAGE_VERSION "0.3~1"
| #define PACKAGE_STRING "json2txt 0.3~1"
| #define PACKAGE_BUGREPORT "zoeurk@gmail.com"
| #define PACKAGE_URL ""
| #define HAVE_LIBJSON2TXT 1
| /* end confdefs.h.  */
| #include <ac_nonexistent.h>
configure:3260: result: gcc -E
configure:3280: gcc -E -Wdate-time -D_FORTIFY_SOURCE=2 conftest.c
configure:3280: $? = 0
configure:3294: gcc -E -Wdate-time -D_FORTIFY_SOURCE=2 conftest.c
conftest.c:10:10: fatal error: ac_nonexistent.h: No such file or directory
   10 | #include <ac_nonexistent.h>
      |          ^~~~~~~~~~~~~~~~~~
compilation terminated.
configure:3294: $? = 1
configure: failed program was:
| /* confdefs.h */
| #define PACKAGE_NAME "json2txt"
| #define PACKAGE_TARNAME "json2txt"
| #define PACKAGE_VERSION "0.3~1"
| #define PACKAGE_STRING "json2txt 0.3~1"
| #define PACKAGE_BUGREPORT "zoeurk@gmail.com"
| #define PACKAGE_URL ""
| #define HAVE_LIBJSON2TXT 1
| /* end confdefs.h.  */
| #include <ac_nonexistent.h>
configure:3323: checking for grep that handles long lines and -e
configure:3381: result: /usr/bin/grep
configure:3386: checking for egrep
configure:3448: result: /usr/bin/grep -E
configure:3453: checking for ANSI C header files
configure:3473: gcc -c -g -O2 -fdebug-prefix-map=/home/thomas/git/json2txt.bak/v0.3/debian/json2txt-0.3~1=. -fstack-protector-strong -Wformat -Werror=format-security -Wdate-time -D_FORTIFY_SOURCE=2 conftest.c >&5
configure:3473: $? = 0
configure:3546: gcc -o conftest -g -O2 -fdebug-prefix-map=/home/thomas/git/json2txt.bak/v0.3/debian/json2txt-0.3~1=. -fstack-protector-strong -Wformat -Werror=format-security -Wdate-time -D_FORTIFY_SOURCE=2 -Wl,-Bsymbolic-functions -Wl,-z,relro conftest.c -ljson2txt  >&5
configure:3546: $? = 0
configure:3546: ./conftest
configure:3546: $? = 0
configure:3557: result: yes
configure:3570: checking for sys/types.h
configure:3570: gcc -c -g -O2 -fdebug-prefix-map=/home/thomas/git/json2txt.bak/v0.3/debian/json2txt-0.3~1=. -fstack-protector-strong -Wformat -Werror=format-security -Wdate-time -D_FORTIFY_SOURCE=2 conftest.c >&5
configure:3570: $? = 0
configure:3570: result: yes
configure:3570: checking for sys/stat.h
configure:3570: gcc -c -g -O2 -fdebug-prefix-map=/home/thomas/git/json2txt.bak/v0.3/debian/json2txt-0.3~1=. -fstack-protector-strong -Wformat -Werror=format-security -Wdate-time -D_FORTIFY_SOURCE=2 conftest.c >&5
configure:3570: $? = 0
configure:3570: result: yes
configure:3570: checking for stdlib.h
configure:3570: gcc -c -g -O2 -fdebug-prefix-map=/home/thomas/git/json2txt.bak/v0.3/debian/json2txt-0.3~1=. -fstack-protector-strong -Wformat -Werror=format-security -Wdate-time -D_FORTIFY_SOURCE=2 conftest.c >&5
configure:3570: $? = 0
configure:3570: result: yes
configure:3570: checking for string.h
configure:3570: gcc -c -g -O2 -fdebug-prefix-map=/home/thomas/git/json2txt.bak/v0.3/debian/json2txt-0.3~1=. -fstack-protector-strong -Wformat -Werror=format-security -Wdate-time -D_FORTIFY_SOURCE=2 conftest.c >&5
configure:3570: $? = 0
configure:3570: result: yes
configure:3570: checking for memory.h
configure:3570: gcc -c -g -O2 -fdebug-prefix-map=/home/thomas/git/json2txt.bak/v0.3/debian/json2txt-0.3~1=. -fstack-protector-strong -Wformat -Werror=format-security -Wdate-time -D_FORTIFY_SOURCE=2 conftest.c >&5
configure:3570: $? = 0
configure:3570: result: yes
configure:3570: checking for strings.h
configure:3570: gcc -c -g -O2 -fdebug-prefix-map=/home/thomas/git/json2txt.bak/v0.3/debian/json2txt-0.3~1=. -fstack-protector-strong -Wformat -Werror=format-security -Wdate-time -D_FORTIFY_SOURCE=2 conftest.c >&5
configure:3570: $? = 0
configure:3570: result: yes
configure:3570: checking for inttypes.h
configure:3570: gcc -c -g -O2 -fdebug-prefix-map=/home/thomas/git/json2txt.bak/v0.3/debian/json2txt-0.3~1=. -fstack-protector-strong -Wformat -Werror=format-security -Wdate-time -D_FORTIFY_SOURCE=2 conftest.c >&5
configure:3570: $? = 0
configure:3570: result: yes
configure:3570: checking for stdint.h
configure:3570: gcc -c -g -O2 -fdebug-prefix-map=/home/thomas/git/json2txt.bak/v0.3/debian/json2txt-0.3~1=. -fstack-protector-strong -Wformat -Werror=format-security -Wdate-time -D_FORTIFY_SOURCE=2 conftest.c >&5
configure:3570: $? = 0
configure:3570: result: yes
configure:3570: checking for unistd.h
configure:3570: gcc -c -g -O2 -fdebug-prefix-map=/home/thomas/git/json2txt.bak/v0.3/debian/json2txt-0.3~1=. -fstack-protector-strong -Wformat -Werror=format-security -Wdate-time -D_FORTIFY_SOURCE=2 conftest.c >&5
configure:3570: $? = 0
configure:3570: result: yes
configure:3585: checking fcntl.h usability
configure:3585: gcc -c -g -O2 -fdebug-prefix-map=/home/thomas/git/json2txt.bak/v0.3/debian/json2txt-0.3~1=. -fstack-protector-strong -Wformat -Werror=format-security -Wdate-time -D_FORTIFY_SOURCE=2 conftest.c >&5
configure:3585: $? = 0
configure:3585: result: yes
configure:3585: checking fcntl.h presence
configure:3585: gcc -E -Wdate-time -D_FORTIFY_SOURCE=2 conftest.c
configure:3585: $? = 0
configure:3585: result: yes
configure:3585: checking for fcntl.h
configure:3585: result: yes
configure:3585: checking for stdlib.h
configure:3585: result: yes
configure:3585: checking for string.h
configure:3585: result: yes
configure:3585: checking for strings.h
configure:3585: result: yes
configure:3585: checking for unistd.h
configure:3585: result: yes
configure:3598: checking for fcntl.h
configure:3598: result: yes
configure:3598: checking for stdlib.h
configure:3598: result: yes
configure:3598: checking for string.h
configure:3598: result: yes
configure:3598: checking for strings.h
configure:3598: result: yes
configure:3598: checking for unistd.h
configure:3598: result: yes
configure:3637: checking build system type
configure:3651: result: x86_64-pc-linux-gnu
configure:3671: checking host system type
configure:3684: result: x86_64-pc-linux-gnu
configure:3725: checking how to print strings
configure:3752: result: printf
configure:3773: checking for a sed that does not truncate output
configure:3837: result: /usr/bin/sed
configure:3855: checking for fgrep
configure:3917: result: /usr/bin/grep -F
configure:3952: checking for ld used by gcc
configure:4019: result: /usr/bin/ld
configure:4026: checking if the linker (/usr/bin/ld) is GNU ld
configure:4041: result: yes
configure:4053: checking for BSD- or MS-compatible name lister (nm)
configure:4107: result: /usr/bin/nm -B
configure:4237: checking the name lister (/usr/bin/nm -B) interface
configure:4244: gcc -c -g -O2 -fdebug-prefix-map=/home/thomas/git/json2txt.bak/v0.3/debian/json2txt-0.3~1=. -fstack-protector-strong -Wformat -Werror=format-security -Wdate-time -D_FORTIFY_SOURCE=2 conftest.c >&5
configure:4247: /usr/bin/nm -B "conftest.o"
configure:4250: output
0000000000000000 B some_variable
configure:4251: result: BSD nm
configure:4254: checking whether ln -s works
configure:4258: result: yes
configure:4266: checking the maximum length of command line arguments
configure:4397: result: 1572864
configure:4445: checking how to convert x86_64-pc-linux-gnu file names to x86_64-pc-linux-gnu format
configure:4485: result: func_convert_file_noop
configure:4492: checking how to convert x86_64-pc-linux-gnu file names to toolchain format
configure:4512: result: func_convert_file_noop
configure:4519: checking for /usr/bin/ld option to reload object files
configure:4526: result: -r
configure:4600: checking for objdump
configure:4616: found /usr/bin/objdump
configure:4627: result: objdump
configure:4659: checking how to recognize dependent libraries
configure:4859: result: pass_all
configure:4944: checking for dlltool
configure:4974: result: no
configure:5004: checking how to associate runtime and link libraries
configure:5031: result: printf %s\n
configure:5091: checking for ar
configure:5107: found /usr/bin/ar
configure:5118: result: ar
configure:5155: checking for archiver @FILE support
configure:5172: gcc -c -g -O2 -fdebug-prefix-map=/home/thomas/git/json2txt.bak/v0.3/debian/json2txt-0.3~1=. -fstack-protector-strong -Wformat -Werror=format-security -Wdate-time -D_FORTIFY_SOURCE=2 conftest.c >&5
configure:5172: $? = 0
configure:5175: ar cr libconftest.a @conftest.lst >&5
configure:5178: $? = 0
configure:5183: ar cr libconftest.a @conftest.lst >&5
ar: conftest.o: No such file or directory
configure:5186: $? = 1
configure:5185: result: @
configure:5243: checking for strip
configure:5259: found /usr/bin/strip
configure:5270: result: strip
configure:5342: checking for ranlib
configure:5358: found /usr/bin/ranlib
configure:5369: result: ranlib
configure:5446: checking for gawk
configure:5462: found /usr/bin/gawk
configure:5473: result: gawk
configure:5513: checking command to parse /usr/bin/nm -B output from gcc object
configure:5666: gcc -c -g -O2 -fdebug-prefix-map=/home/thomas/git/json2txt.bak/v0.3/debian/json2txt-0.3~1=. -fstack-protector-strong -Wformat -Werror=format-security -Wdate-time -D_FORTIFY_SOURCE=2 conftest.c >&5
configure:5669: $? = 0
configure:5673: /usr/bin/nm -B conftest.o | sed -n -e 's/^.*[	 ]\([ABCDGIRSTW][ABCDGIRSTW]*\)[	 ][	 ]*\([_A-Za-z][_A-Za-z0-9]*\)$/\1 \2 \2/p' | sed '/ __gnu_lto/d' > conftest.nm
configure:5739: gcc -o conftest -g -O2 -fdebug-prefix-map=/home/thomas/git/json2txt.bak/v0.3/debian/json2txt-0.3~1=. -fstack-protector-strong -Wformat -Werror=format-security -Wdate-time -D_FORTIFY_SOURCE=2 -Wl,-Bsymbolic-functions -Wl,-z,relro conftest.c conftstm.o >&5
configure:5742: $? = 0
configure:5780: result: ok
configure:5827: checking for sysroot
configure:5857: result: no
configure:5864: checking for a working dd
configure:5902: result: /usr/bin/dd
configure:5906: checking how to truncate binary pipes
configure:5921: result: /usr/bin/dd bs=4096 count=1
configure:6057: gcc -c -g -O2 -fdebug-prefix-map=/home/thomas/git/json2txt.bak/v0.3/debian/json2txt-0.3~1=. -fstack-protector-strong -Wformat -Werror=format-security -Wdate-time -D_FORTIFY_SOURCE=2 conftest.c >&5
configure:6060: $? = 0
configure:6250: checking for mt
configure:6266: found /usr/bin/mt
configure:6277: result: mt
configure:6300: checking if mt is a manifest tool
configure:6306: mt '-?'
configure:6314: result: no
configure:6988: checking for dlfcn.h
configure:6988: gcc -c -g -O2 -fdebug-prefix-map=/home/thomas/git/json2txt.bak/v0.3/debian/json2txt-0.3~1=. -fstack-protector-strong -Wformat -Werror=format-security -Wdate-time -D_FORTIFY_SOURCE=2 conftest.c >&5
configure:6988: $? = 0
configure:6988: result: yes
configure:7244: checking for objdir
configure:7259: result: .libs
configure:7523: checking if gcc supports -fno-rtti -fno-exceptions
configure:7541: gcc -c -g -O2 -fdebug-prefix-map=/home/thomas/git/json2txt.bak/v0.3/debian/json2txt-0.3~1=. -fstack-protector-strong -Wformat -Werror=format-security -Wdate-time -D_FORTIFY_SOURCE=2 -fno-rtti -fno-exceptions conftest.c >&5
cc1: warning: command line option '-fno-rtti' is valid for C++/D/ObjC++ but not for C
configure:7545: $? = 0
configure:7558: result: no
configure:7922: checking for gcc option to produce PIC
configure:7929: result: -fPIC -DPIC
configure:7937: checking if gcc PIC flag -fPIC -DPIC works
configure:7955: gcc -c -g -O2 -fdebug-prefix-map=/home/thomas/git/json2txt.bak/v0.3/debian/json2txt-0.3~1=. -fstack-protector-strong -Wformat -Werror=format-security -Wdate-time -D_FORTIFY_SOURCE=2 -fPIC -DPIC -DPIC conftest.c >&5
configure:7959: $? = 0
configure:7972: result: yes
configure:8001: checking if gcc static flag -static works
configure:8029: result: yes
configure:8044: checking if gcc supports -c -o file.o
configure:8065: gcc -c -g -O2 -fdebug-prefix-map=/home/thomas/git/json2txt.bak/v0.3/debian/json2txt-0.3~1=. -fstack-protector-strong -Wformat -Werror=format-security -Wdate-time -D_FORTIFY_SOURCE=2 -o out/conftest2.o conftest.c >&5
configure:8069: $? = 0
configure:8091: result: yes
configure:8099: checking if gcc supports -c -o file.o
configure:8146: result: yes
configure:8179: checking whether the gcc linker (/usr/bin/ld -m elf_x86_64) supports shared libraries
configure:9442: result: yes
configure:9479: checking whether -lc should be explicitly linked in
configure:9487: gcc -c -g -O2 -fdebug-prefix-map=/home/thomas/git/json2txt.bak/v0.3/debian/json2txt-0.3~1=. -fstack-protector-strong -Wformat -Werror=format-security -Wdate-time -D_FORTIFY_SOURCE=2 conftest.c >&5
configure:9490: $? = 0
configure:9505: gcc -shared  -fPIC -DPIC conftest.o  -v -Wl,-soname -Wl,conftest -o conftest 2\>\&1 \| /usr/bin/grep  -lc  \>/dev/null 2\>\&1
configure:9508: $? = 0
configure:9522: result: no
configure:9682: checking dynamic linker characteristics
configure:10263: gcc -o conftest -g -O2 -fdebug-prefix-map=/home/thomas/git/json2txt.bak/v0.3/debian/json2txt-0.3~1=. -fstack-protector-strong -Wformat -Werror=format-security -Wdate-time -D_FORTIFY_SOURCE=2 -Wl,-Bsymbolic-functions -Wl,-z,relro -Wl,-rpath -Wl,/foo conftest.c -ljson2txt  >&5
configure:10263: $? = 0
configure:10512: result: GNU/Linux ld.so
configure:10634: checking how to hardcode library paths into programs
configure:10659: result: immediate
configure:11207: checking whether stripping libraries is possible
configure:11212: result: yes
configure:11247: checking if libtool supports shared libraries
configure:11249: result: yes
configure:11252: checking whether to build shared libraries
configure:11277: result: yes
configure:11280: checking whether to build static libraries
configure:11284: result: yes
configure:8113: checking for a BSD-compatible install
configure:8181: result: /usr/bin/install -c
configure:8192: checking whether build environment is sane
configure:8247: result: yes
configure:8393: checking for a thread-safe mkdir -p
configure:8432: result: /usr/bin/mkdir -p
configure:8435: checking whether make sets $(MAKE)
configure:8457: result: yes
configure:8479: checking whether make supports the include directive
configure:8494: make -f confmf.GNU && cat confinc.out
make[1]: Entering directory '/home/thomas/git/json2txt.bak/v0.3/debian/json2txt-0.3~1'
make[1]: Leaving directory '/home/thomas/git/json2txt.bak/v0.3/debian/json2txt-0.3~1'
this is the am__doit target
configure:8497: $? = 0
configure:8516: result: yes (GNU style)
configure:8549: checking whether make supports nested variables
configure:8566: result: yes
configure:8651: checking dependency style of gcc
configure:8762: result: none
configure:8821: checking whether to enable maintainer-specific portions of Makefiles
configure:8830: result: no
configure:8846: checking for size_t
configure:8846: gcc -c -g -O2 -fdebug-prefix-map=/home/thomas/git/json2txt.bak/v0.3/debian/json2txt-0.3~1=. -fstack-protector-strong -Wformat -Werror=format-security -Wdate-time -D_FORTIFY_SOURCE=2 conftest.c >&5
configure:8846: $? = 0
configure:8846: gcc -c -g -O2 -fdebug-prefix-map=/home/thomas/git/json2txt.bak/v0.3/debian/json2txt-0.3~1=. -fstack-protector-strong -Wformat -Werror=format-security -Wdate-time -D_FORTIFY_SOURCE=2 conftest.c >&5
conftest.c: In function 'main':
conftest.c:70:21: error: expected expression before ')' token
   70 | if (sizeof ((size_t)))
      |                     ^
configure:8846: $? = 1
configure: failed program was:
| /* confdefs.h */
| #define PACKAGE_NAME "json2txt"
| #define PACKAGE_TARNAME "json2txt"
| #define PACKAGE_VERSION "0.3~1"
| #define PACKAGE_STRING "json2txt 0.3~1"
| #define PACKAGE_BUGREPORT "zoeurk@gmail.com"
| #define PACKAGE_URL ""
| #define HAVE_LIBJSON2TXT 1
| #define STDC_HEADERS 1
| #define HAVE_SYS_TYPES_H 1
| #define HAVE_SYS_STAT_H 1
| #define HAVE_STDLIB_H 1
| #define HAVE_STRING_H 1
| #define HAVE_MEMORY_H 1
| #define HAVE_STRINGS_H 1
| #define HAVE_INTTYPES_H 1
| #define HAVE_STDINT_H 1
| #define HAVE_UNISTD_H 1
| #define HAVE_FCNTL_H 1
| #define HAVE_STDLIB_H 1
| #define HAVE_STRING_H 1
| #define HAVE_STRINGS_H 1
| #define HAVE_UNISTD_H 1
| #define HAVE_FCNTL_H 1
| #define HAVE_STDLIB_H 1
| #define HAVE_STRING_H 1
| #define HAVE_STRINGS_H 1
| #define HAVE_UNISTD_H 1
| #define HAVE_DLFCN_H 1
| #define LT_OBJDIR ".libs/"
| #define PACKAGE "json2txt"
| #define VERSION "0.3~1"
| /* end confdefs.h.  */
| #include <stdio.h>
| #ifdef HAVE_SYS_TYPES_H
| # include <sys/types.h>
| #endif
| #ifdef HAVE_SYS_STAT_H
| # include <sys/stat.h>
| #endif
| #ifdef STDC_HEADERS
| # include <stdlib.h>
| # include <stddef.h>
| #else
| # ifdef HAVE_STDLIB_H
| #  include <stdlib.h>
| # endif
| #endif
| #ifdef HAVE_STRING_H
| # if !defined STDC_HEADERS && defined HAVE_MEMORY_H
| #  include <memory.h>
| # endif
| # include <string.h>
| #endif
| #ifdef HAVE_STRINGS_H
| # include <strings.h>
| #endif
| #ifdef HAVE_INTTYPES_H
| # include <inttypes.h>
| #endif
| #ifdef HAVE_STDINT_H
| # include <stdint.h>
| #endif
| #ifdef HAVE_UNISTD_H
| # include <unistd.h>
| #endif
| int
| main ()
| {
| if (sizeof ((size_t)))
| 	    return 0;
|   ;
|   return 0;
| }
configure:8846: result: yes
configure:8857: checking for ssize_t
configure:8857: gcc -c -g -O2 -fdebug-prefix-map=/home/thomas/git/json2txt.bak/v0.3/debian/json2txt-0.3~1=. -fstack-protector-strong -Wformat -Werror=format-security -Wdate-time -D_FORTIFY_SOURCE=2 conftest.c >&5
configure:8857: $? = 0
configure:8857: gcc -c -g -O2 -fdebug-prefix-map=/home/thomas/git/json2txt.bak/v0.3/debian/json2txt-0.3~1=. -fstack-protector-strong -Wformat -Werror=format-security -Wdate-time -D_FORTIFY_SOURCE=2 conftest.c >&5
conftest.c: In function 'main':
conftest.c:70:22: error: expected expression before ')' token
   70 | if (sizeof ((ssize_t)))
      |                      ^
configure:8857: $? = 1
configure: failed program was:
| /* confdefs.h */
| #define PACKAGE_NAME "json2txt"
| #define PACKAGE_TARNAME "json2txt"
| #define PACKAGE_VERSION "0.3~1"
| #define PACKAGE_STRING "json2txt 0.3~1"
| #define PACKAGE_BUGREPORT "zoeurk@gmail.com"
| #define PACKAGE_URL ""
| #define HAVE_LIBJSON2TXT 1
| #define STDC_HEADERS 1
| #define HAVE_SYS_TYPES_H 1
| #define HAVE_SYS_STAT_H 1
| #define HAVE_STDLIB_H 1
| #define HAVE_STRING_H 1
| #define HAVE_MEMORY_H 1
| #define HAVE_STRINGS_H 1
| #define HAVE_INTTYPES_H 1
| #define HAVE_STDINT_H 1
| #define HAVE_UNISTD_H 1
| #define HAVE_FCNTL_H 1
| #define HAVE_STDLIB_H 1
| #define HAVE_STRING_H 1
| #define HAVE_STRINGS_H 1
| #define HAVE_UNISTD_H 1
| #define HAVE_FCNTL_H 1
| #define HAVE_STDLIB_H 1
| #define HAVE_STRING_H 1
| #define HAVE_STRINGS_H 1
| #define HAVE_UNISTD_H 1
| #define HAVE_DLFCN_H 1
| #define LT_OBJDIR ".libs/"
| #define PACKAGE "json2txt"
| #define VERSION "0.3~1"
| /* end confdefs.h.  */
| #include <stdio.h>
| #ifdef HAVE_SYS_TYPES_H
| # include <sys/types.h>
| #endif
| #ifdef HAVE_SYS_STAT_H
| # include <sys/stat.h>
| #endif
| #ifdef STDC_HEADERS
| # include <stdlib.h>
| # include <stddef.h>
| #else
| # ifdef HAVE_STDLIB_H
| #  include <stdlib.h>
| # endif
| #endif
| #ifdef HAVE_STRING_H
| # if !defined STDC_HEADERS && defined HAVE_MEMORY_H
| #  include <memory.h>
| # endif
| # include <string.h>
| #endif
| #ifdef HAVE_STRINGS_H
| # include <strings.h>
| #endif
| #ifdef HAVE_INTTYPES_H
| # include <inttypes.h>
| #endif
| #ifdef HAVE_STDINT_H
| # include <stdint.h>
| #endif
| #ifdef HAVE_UNISTD_H
| # include <unistd.h>
| #endif
| int
| main ()
| {
| if (sizeof ((ssize_t)))
| 	    return 0;
|   ;
|   return 0;
| }
configure:8857: result: yes
configure:8872: checking for stdlib.h
configure:8872: result: yes
configure:8882: checking for GNU libc compatible realloc
configure:8906: gcc -o conftest -g -O2 -fdebug-prefix-map=/home/thomas/git/json2txt.bak/v0.3/debian/json2txt-0.3~1=. -fstack-protector-strong -Wformat -Werror=format-security -Wdate-time -D_FORTIFY_SOURCE=2 -Wl,-Bsymbolic-functions -Wl,-z,relro conftest.c -ljson2txt  >&5
configure:8906: $? = 0
configure:8906: ./conftest
configure:8906: $? = 0
configure:8916: result: yes
configure:8940: checking for memset
configure:8940: gcc -o conftest -g -O2 -fdebug-prefix-map=/home/thomas/git/json2txt.bak/v0.3/debian/json2txt-0.3~1=. -fstack-protector-strong -Wformat -Werror=format-security -Wdate-time -D_FORTIFY_SOURCE=2 -Wl,-Bsymbolic-functions -Wl,-z,relro conftest.c -ljson2txt  >&5
conftest.c:59:6: warning: conflicting types for built-in function 'memset'; expected 'void *(void *, int,  long unsigned int)' [-Wbuiltin-declaration-mismatch]
   59 | char memset ();
      |      ^~~~~~
conftest.c:47:1: note: 'memset' is declared in header '<string.h>'
   46 | # include <limits.h>
   47 | #else
configure:8940: $? = 0
configure:8940: result: yes
configure:8940: checking for strcasecmp
configure:8940: gcc -o conftest -g -O2 -fdebug-prefix-map=/home/thomas/git/json2txt.bak/v0.3/debian/json2txt-0.3~1=. -fstack-protector-strong -Wformat -Werror=format-security -Wdate-time -D_FORTIFY_SOURCE=2 -Wl,-Bsymbolic-functions -Wl,-z,relro conftest.c -ljson2txt  >&5
conftest.c:60:6: warning: conflicting types for built-in function 'strcasecmp'; expected 'int(const char *, const char *)' [-Wbuiltin-declaration-mismatch]
   60 | char strcasecmp ();
      |      ^~~~~~~~~~
configure:8940: $? = 0
configure:8940: result: yes
configure:9053: checking that generated files are newer than configure
configure:9059: result: done
configure:9086: creating ./config.status

## ---------------------- ##
## Running config.status. ##
## ---------------------- ##

This file was extended by json2txt config.status 0.3~1, which was
generated by GNU Autoconf 2.69.  Invocation command line was

  CONFIG_FILES    = 
  CONFIG_HEADERS  = 
  CONFIG_LINKS    = 
  CONFIG_COMMANDS = 
  $ ./config.status 

on Mayhem

config.status:1100: creating Makefile
config.status:1100: creating lib/Makefile
config.status:1100: creating main/Makefile
config.status:1100: creating config.h
config.status:1329: executing libtool commands
config.status:1329: executing depfiles commands

## ---------------- ##
## Cache variables. ##
## ---------------- ##

ac_cv_build=x86_64-pc-linux-gnu
ac_cv_c_compiler_gnu=yes
ac_cv_env_CC_set=
ac_cv_env_CC_value=
ac_cv_env_CFLAGS_set=set
ac_cv_env_CFLAGS_value='-g -O2 -fdebug-prefix-map=/home/thomas/git/json2txt.bak/v0.3/debian/json2txt-0.3~1=. -fstack-protector-strong -Wformat -Werror=format-security'
ac_cv_env_CPPFLAGS_set=set
ac_cv_env_CPPFLAGS_value='-Wdate-time -D_FORTIFY_SOURCE=2'
ac_cv_env_CPP_set=
ac_cv_env_CPP_value=
ac_cv_env_LDFLAGS_set=set
ac_cv_env_LDFLAGS_value='-Wl,-Bsymbolic-functions -Wl,-z,relro'
ac_cv_env_LIBS_set=
ac_cv_env_LIBS_value=
ac_cv_env_LT_SYS_LIBRARY_PATH_set=
ac_cv_env_LT_SYS_LIBRARY_PATH_value=
ac_cv_env_build_alias_set=set
ac_cv_env_build_alias_value=x86_64-linux-gnu
ac_cv_env_host_alias_set=
ac_cv_env_host_alias_value=
ac_cv_env_target_alias_set=
ac_cv_env_target_alias_value=
ac_cv_func_memset=yes
ac_cv_func_realloc_0_nonnull=yes
ac_cv_func_strcasecmp=yes
ac_cv_header_dlfcn_h=yes
ac_cv_header_fcntl_h=yes
ac_cv_header_inttypes_h=yes
ac_cv_header_memory_h=yes
ac_cv_header_stdc=yes
ac_cv_header_stdint_h=yes
ac_cv_header_stdlib_h=yes
ac_cv_header_string_h=yes
ac_cv_header_strings_h=yes
ac_cv_header_sys_stat_h=yes
ac_cv_header_sys_types_h=yes
ac_cv_header_unistd_h=yes
ac_cv_host=x86_64-pc-linux-gnu
ac_cv_lib_json2txt_main=yes
ac_cv_objext=o
ac_cv_path_EGREP='/usr/bin/grep -E'
ac_cv_path_FGREP='/usr/bin/grep -F'
ac_cv_path_GREP=/usr/bin/grep
ac_cv_path_SED=/usr/bin/sed
ac_cv_path_install='/usr/bin/install -c'
ac_cv_path_lt_DD=/usr/bin/dd
ac_cv_path_mkdir=/usr/bin/mkdir
ac_cv_prog_AWK=gawk
ac_cv_prog_CPP='gcc -E'
ac_cv_prog_ac_ct_AR=ar
ac_cv_prog_ac_ct_CC=gcc
ac_cv_prog_ac_ct_MANIFEST_TOOL=mt
ac_cv_prog_ac_ct_OBJDUMP=objdump
ac_cv_prog_ac_ct_RANLIB=ranlib
ac_cv_prog_ac_ct_STRIP=strip
ac_cv_prog_cc_c89=
ac_cv_prog_cc_g=yes
ac_cv_prog_make_make_set=yes
ac_cv_type_size_t=yes
ac_cv_type_ssize_t=yes
am_cv_CC_dependencies_compiler_type=none
am_cv_make_support_nested_variables=yes
am_cv_prog_cc_c_o=yes
lt_cv_ar_at_file=@
lt_cv_archive_cmds_need_lc=no
lt_cv_deplibs_check_method=pass_all
lt_cv_file_magic_cmd='$MAGIC_CMD'
lt_cv_file_magic_test_file=
lt_cv_ld_reload_flag=-r
lt_cv_nm_interface='BSD nm'
lt_cv_objdir=.libs
lt_cv_path_LD=/usr/bin/ld
lt_cv_path_NM='/usr/bin/nm -B'
lt_cv_path_mainfest_tool=no
lt_cv_prog_compiler_c_o=yes
lt_cv_prog_compiler_pic='-fPIC -DPIC'
lt_cv_prog_compiler_pic_works=yes
lt_cv_prog_compiler_rtti_exceptions=no
lt_cv_prog_compiler_static_works=yes
lt_cv_prog_gnu_ld=yes
lt_cv_sharedlib_from_linklib_cmd='printf %s\n'
lt_cv_shlibpath_overrides_runpath=yes
lt_cv_sys_global_symbol_pipe='sed -n -e '\''s/^.*[	 ]\([ABCDGIRSTW][ABCDGIRSTW]*\)[	 ][	 ]*\([_A-Za-z][_A-Za-z0-9]*\)$/\1 \2 \2/p'\'' | sed '\''/ __gnu_lto/d'\'''
lt_cv_sys_global_symbol_to_c_name_address='sed -n -e '\''s/^: \(.*\) .*$/  {"\1", (void *) 0},/p'\'' -e '\''s/^[ABCDGIRSTW][ABCDGIRSTW]* .* \(.*\)$/  {"\1", (void *) \&\1},/p'\'''
lt_cv_sys_global_symbol_to_c_name_address_lib_prefix='sed -n -e '\''s/^: \(.*\) .*$/  {"\1", (void *) 0},/p'\'' -e '\''s/^[ABCDGIRSTW][ABCDGIRSTW]* .* \(lib.*\)$/  {"\1", (void *) \&\1},/p'\'' -e '\''s/^[ABCDGIRSTW][ABCDGIRSTW]* .* \(.*\)$/  {"lib\1", (void *) \&\1},/p'\'''
lt_cv_sys_global_symbol_to_cdecl='sed -n -e '\''s/^T .* \(.*\)$/extern int \1();/p'\'' -e '\''s/^[ABCDGIRSTW][ABCDGIRSTW]* .* \(.*\)$/extern char \1;/p'\'''
lt_cv_sys_global_symbol_to_import=
lt_cv_sys_max_cmd_len=1572864
lt_cv_to_host_file_cmd=func_convert_file_noop
lt_cv_to_tool_file_cmd=func_convert_file_noop
lt_cv_truncate_bin='/usr/bin/dd bs=4096 count=1'

## ----------------- ##
## Output variables. ##
## ----------------- ##

ACLOCAL='${SHELL} /home/thomas/git/json2txt.bak/v0.3/debian/json2txt-0.3~1/missing aclocal-1.16'
AMDEPBACKSLASH=''
AMDEP_FALSE=''
AMDEP_TRUE='#'
AMTAR='$${TAR-tar}'
AM_BACKSLASH='\'
AM_DEFAULT_V='$(AM_DEFAULT_VERBOSITY)'
AM_DEFAULT_VERBOSITY='1'
AM_V='$(V)'
AR='ar'
AUTOCONF='${SHELL} /home/thomas/git/json2txt.bak/v0.3/debian/json2txt-0.3~1/missing autoconf'
AUTOHEADER='${SHELL} /home/thomas/git/json2txt.bak/v0.3/debian/json2txt-0.3~1/missing autoheader'
AUTOMAKE='${SHELL} /home/thomas/git/json2txt.bak/v0.3/debian/json2txt-0.3~1/missing automake-1.16'
AWK='gawk'
CC='gcc'
CCDEPMODE='depmode=none'
CFLAGS='-g -O2 -fdebug-prefix-map=/home/thomas/git/json2txt.bak/v0.3/debian/json2txt-0.3~1=. -fstack-protector-strong -Wformat -Werror=format-security'
CPP='gcc -E'
CPPFLAGS='-Wdate-time -D_FORTIFY_SOURCE=2'
CYGPATH_W='echo'
DEFS='-DHAVE_CONFIG_H'
DEPDIR='.deps'
DLLTOOL='false'
DSYMUTIL=''
DUMPBIN=''
ECHO_C=''
ECHO_N='-n'
ECHO_T=''
EGREP='/usr/bin/grep -E'
EXEEXT=''
FGREP='/usr/bin/grep -F'
GREP='/usr/bin/grep'
INSTALL_DATA='${INSTALL} -m 644'
INSTALL_PROGRAM='${INSTALL}'
INSTALL_SCRIPT='${INSTALL}'
INSTALL_STRIP_PROGRAM='$(install_sh) -c -s'
LD='/usr/bin/ld -m elf_x86_64'
LDFLAGS='-Wl,-Bsymbolic-functions -Wl,-z,relro'
LIBOBJS=''
LIBS='-ljson2txt '
LIBTOOL='$(SHELL) $(top_builddir)/libtool'
LIPO=''
LN_S='ln -s'
LTLIBOBJS=''
LT_SYS_LIBRARY_PATH=''
MAINT='#'
MAINTAINER_MODE_FALSE=''
MAINTAINER_MODE_TRUE='#'
MAKEINFO='${SHELL} /home/thomas/git/json2txt.bak/v0.3/debian/json2txt-0.3~1/missing makeinfo'
MANIFEST_TOOL=':'
MKDIR_P='/usr/bin/mkdir -p'
NM='/usr/bin/nm -B'
NMEDIT=''
OBJDUMP='objdump'
OBJEXT='o'
OTOOL64=''
OTOOL=''
PACKAGE='json2txt'
PACKAGE_BUGREPORT='zoeurk@gmail.com'
PACKAGE_NAME='json2txt'
PACKAGE_STRING='json2txt 0.3~1'
PACKAGE_TARNAME='json2txt'
PACKAGE_URL=''
PACKAGE_VERSION='0.3~1'
PATH_SEPARATOR=':'
RANLIB='ranlib'
SED='/usr/bin/sed'
SET_MAKE=''
SHELL='/bin/bash'
STRIP='strip'
VERSION='0.3~1'
ac_ct_AR='ar'
ac_ct_CC='gcc'
ac_ct_DUMPBIN=''
am__EXEEXT_FALSE=''
am__EXEEXT_TRUE='#'
am__fastdepCC_FALSE=''
am__fastdepCC_TRUE='#'
am__include='include'
am__isrc=''
am__leading_dot='.'
am__nodep=''
am__quote=''
am__tar='$${TAR-tar} chof - "$$tardir"'
am__untar='$${TAR-tar} xf -'
bindir='${exec_prefix}/bin'
build='x86_64-pc-linux-gnu'
build_alias='x86_64-linux-gnu'
build_cpu='x86_64'
build_os='linux-gnu'
build_vendor='pc'
datadir='${datarootdir}'
datarootdir='${prefix}/share'
docdir='${datarootdir}/doc/${PACKAGE_TARNAME}'
dvidir='${docdir}'
exec_prefix='${prefix}'
host='x86_64-pc-linux-gnu'
host_alias=''
host_cpu='x86_64'
host_os='linux-gnu'
host_vendor='pc'
htmldir='${docdir}'
includedir='${prefix}/include'
infodir='${prefix}/share/info'
install_sh='${SHELL} /home/thomas/git/json2txt.bak/v0.3/debian/json2txt-0.3~1/install-sh'
libdir='${prefix}/lib/x86_64-linux-gnu'
libexecdir='${exec_prefix}/libexec'
localedir='${datarootdir}/locale'
localstatedir='/var'
mandir='${prefix}/share/man'
mkdir_p='$(MKDIR_P)'
oldincludedir='/usr/include'
pdfdir='${docdir}'
prefix='/usr'
program_transform_name='s,x,x,'
psdir='${docdir}'
runstatedir='/run'
sbindir='${exec_prefix}/sbin'
sharedstatedir='${prefix}/com'
sysconfdir='/etc'
target_alias=''

## ----------- ##
## confdefs.h. ##
## ----------- ##

/* confdefs.h */
#define PACKAGE_NAME "json2txt"
#define PACKAGE_TARNAME "json2txt"
#define PACKAGE_VERSION "0.3~1"
#define PACKAGE_STRING "json2txt 0.3~1"
#define PACKAGE_BUGREPORT "zoeurk@gmail.com"
#define PACKAGE_URL ""
#define HAVE_LIBJSON2TXT 1
#define STDC_HEADERS 1
#define HAVE_SYS_TYPES_H 1
#define HAVE_SYS_STAT_H 1
#define HAVE_STDLIB_H 1
#define HAVE_STRING_H 1
#define HAVE_MEMORY_H 1
#define HAVE_STRINGS_H 1
#define HAVE_INTTYPES_H 1
#define HAVE_STDINT_H 1
#define HAVE_UNISTD_H 1
#define HAVE_FCNTL_H 1
#define HAVE_STDLIB_H 1
#define HAVE_STRING_H 1
#define HAVE_STRINGS_H 1
#define HAVE_UNISTD_H 1
#define HAVE_FCNTL_H 1
#define HAVE_STDLIB_H 1
#define HAVE_STRING_H 1
#define HAVE_STRINGS_H 1
#define HAVE_UNISTD_H 1
#define HAVE_DLFCN_H 1
#define LT_OBJDIR ".libs/"
#define PACKAGE "json2txt"
#define VERSION "0.3~1"
#define HAVE_STDLIB_H 1
#define HAVE_REALLOC 1
#define HAVE_MEMSET 1
#define HAVE_STRCASECMP 1

configure: exit 0
