This file contains any messages produced by compilers while
running configure, to aid debugging if configure makes a mistake.

It was created by json2txt configure 0.3, which was
generated by GNU Autoconf 2.69.  Invocation command line was

  $ ./configure --build=x86_64-linux-gnu --prefix=/usr --includedir=${prefix}/include --mandir=${prefix}/share/man --infodir=${prefix}/share/info --sysconfdir=/etc --localstatedir=/var --disable-silent-rules --libdir=${prefix}/lib/x86_64-linux-gnu --runstatedir=/run --disable-maintainer-mode --disable-dependency-tracking --prefix=/usr --includedir=/usr/include/json2txt --libdir=/usr/lib/x86_64-linux-gnu/json2txt

## --------- ##
## Platform. ##
## --------- ##

hostname = Mayhem
uname -m = x86_64
uname -r = 5.15.0-122-generic
uname -s = Linux
uname -v = #132~20.04.1-Ubuntu SMP Fri Aug 30 15:50:07 UTC 2024

/usr/bin/uname -p = x86_64
/bin/uname -X     = unknown

/bin/arch              = x86_64
/usr/bin/arch -k       = unknown
/usr/convex/getsysinfo = unknown
/usr/bin/hostinfo      = unknown
/bin/machine           = unknown
/usr/bin/oslevel       = unknown
/bin/universe          = unknown

PATH: /home/thomas/.local/bin
PATH: /home/thomas/.local/bin
PATH: /usr/local/sbin
PATH: /usr/local/bin
PATH: /usr/sbin
PATH: /usr/bin
PATH: /sbin
PATH: /bin
PATH: /usr/games
PATH: /usr/local/games
PATH: /snap/bin


## ----------- ##
## Core tests. ##
## ----------- ##

configure:2335: checking for gcc
configure:2351: found /usr/bin/gcc
configure:2362: result: gcc
configure:2591: checking for C compiler version
configure:2600: gcc --version >&5
gcc (Ubuntu 9.4.0-1ubuntu1~20.04.2) 9.4.0
Copyright (C) 2019 Free Software Foundation, Inc.
This is free software; see the source for copying conditions.  There is NO
warranty; not even for MERCHANTABILITY or FITNESS FOR A PARTICULAR PURPOSE.

configure:2611: $? = 0
configure:2600: gcc -v >&5
Using built-in specs.
COLLECT_GCC=gcc
COLLECT_LTO_WRAPPER=/usr/lib/gcc/x86_64-linux-gnu/9/lto-wrapper
OFFLOAD_TARGET_NAMES=nvptx-none:hsa
OFFLOAD_TARGET_DEFAULT=1
Target: x86_64-linux-gnu
Configured with: ../src/configure -v --with-pkgversion='Ubuntu 9.4.0-1ubuntu1~20.04.2' --with-bugurl=file:///usr/share/doc/gcc-9/README.Bugs --enable-languages=c,ada,c++,go,brig,d,fortran,objc,obj-c++,gm2 --prefix=/usr --with-gcc-major-version-only --program-suffix=-9 --program-prefix=x86_64-linux-gnu- --enable-shared --enable-linker-build-id --libexecdir=/usr/lib --without-included-gettext --enable-threads=posix --libdir=/usr/lib --enable-nls --enable-clocale=gnu --enable-libstdcxx-debug --enable-libstdcxx-time=yes --with-default-libstdcxx-abi=new --enable-gnu-unique-object --disable-vtable-verify --enable-plugin --enable-default-pie --with-system-zlib --with-target-system-zlib=auto --enable-objc-gc=auto --enable-multiarch --disable-werror --with-arch-32=i686 --with-abi=m64 --with-multilib-list=m32,m64,mx32 --enable-multilib --with-tune=generic --enable-offload-targets=nvptx-none=/build/gcc-9-9QDOt0/gcc-9-9.4.0/debian/tmp-nvptx/usr,hsa --without-cuda-driver --enable-checking=release --build=x86_64-linux-gnu --host=x86_64-linux-gnu --target=x86_64-linux-gnu
Thread model: posix
gcc version 9.4.0 (Ubuntu 9.4.0-1ubuntu1~20.04.2) 
configure:2611: $? = 0
configure:2600: gcc -V >&5
gcc: error: unrecognized command line option '-V'
gcc: fatal error: no input files
compilation terminated.
configure:2611: $? = 1
configure:2600: gcc -qversion >&5
gcc: error: unrecognized command line option '-qversion'; did you mean '--version'?
gcc: fatal error: no input files
compilation terminated.
configure:2611: $? = 1
configure:2631: checking whether the C compiler works
configure:2653: gcc -g -O2 -fdebug-prefix-map=/home/thomas/Projets/json2txt/json2txt/debian/json2txt-0.3=. -fstack-protector-strong -Wformat -Werror=format-security -Wall -pedantic -U STRICT_NUM -D EXPLICIT_SIGN -Wdate-time -D_FORTIFY_SOURCE=2 -Wl,-Bsymbolic-functions -Wl,-z,relro -Wl,--as-needed conftest.c  >&5
configure:2657: $? = 0
configure:2705: result: yes
configure:2708: checking for C compiler default output file name
configure:2710: result: a.out
configure:2716: checking for suffix of executables
configure:2723: gcc -o conftest -g -O2 -fdebug-prefix-map=/home/thomas/Projets/json2txt/json2txt/debian/json2txt-0.3=. -fstack-protector-strong -Wformat -Werror=format-security -Wall -pedantic -U STRICT_NUM -D EXPLICIT_SIGN -Wdate-time -D_FORTIFY_SOURCE=2 -Wl,-Bsymbolic-functions -Wl,-z,relro -Wl,--as-needed conftest.c  >&5
configure:2727: $? = 0
configure:2749: result: 
configure:2771: checking whether we are cross compiling
configure:2779: gcc -o conftest -g -O2 -fdebug-prefix-map=/home/thomas/Projets/json2txt/json2txt/debian/json2txt-0.3=. -fstack-protector-strong -Wformat -Werror=format-security -Wall -pedantic -U STRICT_NUM -D EXPLICIT_SIGN -Wdate-time -D_FORTIFY_SOURCE=2 -Wl,-Bsymbolic-functions -Wl,-z,relro -Wl,--as-needed conftest.c  >&5
configure:2783: $? = 0
configure:2790: ./conftest
configure:2794: $? = 0
configure:2782: result: no
configure:2787: checking for suffix of object files
configure:2809: gcc -c -g -O2 -fdebug-prefix-map=/home/thomas/Projets/json2txt/json2txt/debian/json2txt-0.3=. -fstack-protector-strong -Wformat -Werror=format-security -Wall -pedantic -U STRICT_NUM -D EXPLICIT_SIGN -Wdate-time -D_FORTIFY_SOURCE=2 conftest.c >&5
configure:2813: $? = 0
configure:2834: result: o
configure:2838: checking whether we are using the GNU C compiler
configure:2857: gcc -c -g -O2 -fdebug-prefix-map=/home/thomas/Projets/json2txt/json2txt/debian/json2txt-0.3=. -fstack-protector-strong -Wformat -Werror=format-security -Wall -pedantic -U STRICT_NUM -D EXPLICIT_SIGN -Wdate-time -D_FORTIFY_SOURCE=2 conftest.c >&5
configure:2857: $? = 0
configure:2866: result: yes
configure:2875: checking whether gcc accepts -g
configure:2895: gcc -c -g -Wdate-time -D_FORTIFY_SOURCE=2 conftest.c >&5
configure:2895: $? = 0
configure:2936: result: yes
configure:2953: checking for gcc option to accept ISO C89
configure:3016: gcc  -c -g -O2 -fdebug-prefix-map=/home/thomas/Projets/json2txt/json2txt/debian/json2txt-0.3=. -fstack-protector-strong -Wformat -Werror=format-security -Wall -pedantic -U STRICT_NUM -D EXPLICIT_SIGN -Wdate-time -D_FORTIFY_SOURCE=2 conftest.c >&5
configure:3016: $? = 0
configure:3029: result: none needed
configure:3086: checking whether gcc understands -c and -o together
configure:3108: gcc -c conftest.c -o conftest2.o
configure:3111: $? = 0
configure:3108: gcc -c conftest.c -o conftest2.o
configure:3111: $? = 0
configure:3123: result: yes
configure:3152: checking how to run the C preprocessor
configure:3183: gcc -E -Wdate-time -D_FORTIFY_SOURCE=2 conftest.c
configure:3183: $? = 0
configure:3197: gcc -E -Wdate-time -D_FORTIFY_SOURCE=2 conftest.c
conftest.c:9:10: fatal error: ac_nonexistent.h: No such file or directory
    9 | #include <ac_nonexistent.h>
      |          ^~~~~~~~~~~~~~~~~~
compilation terminated.
configure:3197: $? = 1
configure: failed program was:
| /* confdefs.h */
| #define PACKAGE_NAME "json2txt"
| #define PACKAGE_TARNAME "json2txt"
| #define PACKAGE_VERSION "0.3"
| #define PACKAGE_STRING "json2txt 0.3"
| #define PACKAGE_BUGREPORT "zoeurk@gmail.com"
| #define PACKAGE_URL ""
| /* end confdefs.h.  */
| #include <ac_nonexistent.h>
configure:3222: result: gcc -E
configure:3242: gcc -E -Wdate-time -D_FORTIFY_SOURCE=2 conftest.c
configure:3242: $? = 0
configure:3256: gcc -E -Wdate-time -D_FORTIFY_SOURCE=2 conftest.c
conftest.c:9:10: fatal error: ac_nonexistent.h: No such file or directory
    9 | #include <ac_nonexistent.h>
      |          ^~~~~~~~~~~~~~~~~~
compilation terminated.
configure:3256: $? = 1
configure: failed program was:
| /* confdefs.h */
| #define PACKAGE_NAME "json2txt"
| #define PACKAGE_TARNAME "json2txt"
| #define PACKAGE_VERSION "0.3"
| #define PACKAGE_STRING "json2txt 0.3"
| #define PACKAGE_BUGREPORT "zoeurk@gmail.com"
| #define PACKAGE_URL ""
| /* end confdefs.h.  */
| #include <ac_nonexistent.h>
configure:3285: checking for grep that handles long lines and -e
configure:3343: result: /usr/bin/grep
configure:3348: checking for egrep
configure:3410: result: /usr/bin/grep -E
configure:3415: checking for ANSI C header files
configure:3435: gcc -c -g -O2 -fdebug-prefix-map=/home/thomas/Projets/json2txt/json2txt/debian/json2txt-0.3=. -fstack-protector-strong -Wformat -Werror=format-security -Wall -pedantic -U STRICT_NUM -D EXPLICIT_SIGN -Wdate-time -D_FORTIFY_SOURCE=2 conftest.c >&5
configure:3435: $? = 0
configure:3508: gcc -o conftest -g -O2 -fdebug-prefix-map=/home/thomas/Projets/json2txt/json2txt/debian/json2txt-0.3=. -fstack-protector-strong -Wformat -Werror=format-security -Wall -pedantic -U STRICT_NUM -D EXPLICIT_SIGN -Wdate-time -D_FORTIFY_SOURCE=2 -Wl,-Bsymbolic-functions -Wl,-z,relro -Wl,--as-needed conftest.c  >&5
configure:3508: $? = 0
configure:3508: ./conftest
configure:3508: $? = 0
configure:3519: result: yes
configure:3532: checking for sys/types.h
configure:3532: gcc -c -g -O2 -fdebug-prefix-map=/home/thomas/Projets/json2txt/json2txt/debian/json2txt-0.3=. -fstack-protector-strong -Wformat -Werror=format-security -Wall -pedantic -U STRICT_NUM -D EXPLICIT_SIGN -Wdate-time -D_FORTIFY_SOURCE=2 conftest.c >&5
configure:3532: $? = 0
configure:3532: result: yes
configure:3532: checking for sys/stat.h
configure:3532: gcc -c -g -O2 -fdebug-prefix-map=/home/thomas/Projets/json2txt/json2txt/debian/json2txt-0.3=. -fstack-protector-strong -Wformat -Werror=format-security -Wall -pedantic -U STRICT_NUM -D EXPLICIT_SIGN -Wdate-time -D_FORTIFY_SOURCE=2 conftest.c >&5
configure:3532: $? = 0
configure:3532: result: yes
configure:3532: checking for stdlib.h
configure:3532: gcc -c -g -O2 -fdebug-prefix-map=/home/thomas/Projets/json2txt/json2txt/debian/json2txt-0.3=. -fstack-protector-strong -Wformat -Werror=format-security -Wall -pedantic -U STRICT_NUM -D EXPLICIT_SIGN -Wdate-time -D_FORTIFY_SOURCE=2 conftest.c >&5
configure:3532: $? = 0
configure:3532: result: yes
configure:3532: checking for string.h
configure:3532: gcc -c -g -O2 -fdebug-prefix-map=/home/thomas/Projets/json2txt/json2txt/debian/json2txt-0.3=. -fstack-protector-strong -Wformat -Werror=format-security -Wall -pedantic -U STRICT_NUM -D EXPLICIT_SIGN -Wdate-time -D_FORTIFY_SOURCE=2 conftest.c >&5
configure:3532: $? = 0
configure:3532: result: yes
configure:3532: checking for memory.h
configure:3532: gcc -c -g -O2 -fdebug-prefix-map=/home/thomas/Projets/json2txt/json2txt/debian/json2txt-0.3=. -fstack-protector-strong -Wformat -Werror=format-security -Wall -pedantic -U STRICT_NUM -D EXPLICIT_SIGN -Wdate-time -D_FORTIFY_SOURCE=2 conftest.c >&5
configure:3532: $? = 0
configure:3532: result: yes
configure:3532: checking for strings.h
configure:3532: gcc -c -g -O2 -fdebug-prefix-map=/home/thomas/Projets/json2txt/json2txt/debian/json2txt-0.3=. -fstack-protector-strong -Wformat -Werror=format-security -Wall -pedantic -U STRICT_NUM -D EXPLICIT_SIGN -Wdate-time -D_FORTIFY_SOURCE=2 conftest.c >&5
configure:3532: $? = 0
configure:3532: result: yes
configure:3532: checking for inttypes.h
configure:3532: gcc -c -g -O2 -fdebug-prefix-map=/home/thomas/Projets/json2txt/json2txt/debian/json2txt-0.3=. -fstack-protector-strong -Wformat -Werror=format-security -Wall -pedantic -U STRICT_NUM -D EXPLICIT_SIGN -Wdate-time -D_FORTIFY_SOURCE=2 conftest.c >&5
configure:3532: $? = 0
configure:3532: result: yes
configure:3532: checking for stdint.h
configure:3532: gcc -c -g -O2 -fdebug-prefix-map=/home/thomas/Projets/json2txt/json2txt/debian/json2txt-0.3=. -fstack-protector-strong -Wformat -Werror=format-security -Wall -pedantic -U STRICT_NUM -D EXPLICIT_SIGN -Wdate-time -D_FORTIFY_SOURCE=2 conftest.c >&5
configure:3532: $? = 0
configure:3532: result: yes
configure:3532: checking for unistd.h
configure:3532: gcc -c -g -O2 -fdebug-prefix-map=/home/thomas/Projets/json2txt/json2txt/debian/json2txt-0.3=. -fstack-protector-strong -Wformat -Werror=format-security -Wall -pedantic -U STRICT_NUM -D EXPLICIT_SIGN -Wdate-time -D_FORTIFY_SOURCE=2 conftest.c >&5
configure:3532: $? = 0
configure:3532: result: yes
configure:3547: checking fcntl.h usability
configure:3547: gcc -c -g -O2 -fdebug-prefix-map=/home/thomas/Projets/json2txt/json2txt/debian/json2txt-0.3=. -fstack-protector-strong -Wformat -Werror=format-security -Wall -pedantic -U STRICT_NUM -D EXPLICIT_SIGN -Wdate-time -D_FORTIFY_SOURCE=2 conftest.c >&5
configure:3547: $? = 0
configure:3547: result: yes
configure:3547: checking fcntl.h presence
configure:3547: gcc -E -Wdate-time -D_FORTIFY_SOURCE=2 conftest.c
configure:3547: $? = 0
configure:3547: result: yes
configure:3547: checking for fcntl.h
configure:3547: result: yes
configure:3547: checking for stdlib.h
configure:3547: result: yes
configure:3547: checking for string.h
configure:3547: result: yes
configure:3547: checking for strings.h
configure:3547: result: yes
configure:3547: checking for unistd.h
configure:3547: result: yes
configure:3586: checking build system type
configure:3600: result: x86_64-pc-linux-gnu
configure:3620: checking host system type
configure:3633: result: x86_64-pc-linux-gnu
configure:3674: checking how to print strings
configure:3701: result: printf
configure:3722: checking for a sed that does not truncate output
configure:3786: result: /usr/bin/sed
configure:3804: checking for fgrep
configure:3866: result: /usr/bin/grep -F
configure:3901: checking for ld used by gcc
configure:3968: result: /usr/bin/ld
configure:3975: checking if the linker (/usr/bin/ld) is GNU ld
configure:3990: result: yes
configure:4002: checking for BSD- or MS-compatible name lister (nm)
configure:4056: result: /usr/bin/nm -B
configure:4186: checking the name lister (/usr/bin/nm -B) interface
configure:4193: gcc -c -g -O2 -fdebug-prefix-map=/home/thomas/Projets/json2txt/json2txt/debian/json2txt-0.3=. -fstack-protector-strong -Wformat -Werror=format-security -Wall -pedantic -U STRICT_NUM -D EXPLICIT_SIGN -Wdate-time -D_FORTIFY_SOURCE=2 conftest.c >&5
configure:4196: /usr/bin/nm -B "conftest.o"
configure:4199: output
0000000000000000 B some_variable
configure:4200: result: BSD nm
configure:4203: checking whether ln -s works
configure:4207: result: yes
configure:4215: checking the maximum length of command line arguments
configure:4346: result: 1572864
configure:4394: checking how to convert x86_64-pc-linux-gnu file names to x86_64-pc-linux-gnu format
configure:4434: result: func_convert_file_noop
configure:4441: checking how to convert x86_64-pc-linux-gnu file names to toolchain format
configure:4461: result: func_convert_file_noop
configure:4468: checking for /usr/bin/ld option to reload object files
configure:4475: result: -r
configure:4549: checking for objdump
configure:4565: found /usr/bin/objdump
configure:4576: result: objdump
configure:4608: checking how to recognize dependent libraries
configure:4808: result: pass_all
configure:4893: checking for dlltool
configure:4923: result: no
configure:4953: checking how to associate runtime and link libraries
configure:4980: result: printf %s\n
configure:5040: checking for ar
configure:5056: found /usr/bin/ar
configure:5067: result: ar
configure:5104: checking for archiver @FILE support
configure:5121: gcc -c -g -O2 -fdebug-prefix-map=/home/thomas/Projets/json2txt/json2txt/debian/json2txt-0.3=. -fstack-protector-strong -Wformat -Werror=format-security -Wall -pedantic -U STRICT_NUM -D EXPLICIT_SIGN -Wdate-time -D_FORTIFY_SOURCE=2 conftest.c >&5
configure:5121: $? = 0
configure:5124: ar cr libconftest.a @conftest.lst >&5
configure:5127: $? = 0
configure:5132: ar cr libconftest.a @conftest.lst >&5
ar: conftest.o: No such file or directory
configure:5135: $? = 1
configure:5134: result: @
configure:5192: checking for strip
configure:5208: found /usr/bin/strip
configure:5219: result: strip
configure:5291: checking for ranlib
configure:5307: found /usr/bin/ranlib
configure:5318: result: ranlib
configure:5395: checking for gawk
configure:5411: found /usr/bin/gawk
configure:5422: result: gawk
configure:5462: checking command to parse /usr/bin/nm -B output from gcc object
configure:5615: gcc -c -g -O2 -fdebug-prefix-map=/home/thomas/Projets/json2txt/json2txt/debian/json2txt-0.3=. -fstack-protector-strong -Wformat -Werror=format-security -Wall -pedantic -U STRICT_NUM -D EXPLICIT_SIGN -Wdate-time -D_FORTIFY_SOURCE=2 conftest.c >&5
configure:5618: $? = 0
configure:5622: /usr/bin/nm -B conftest.o | sed -n -e 's/^.*[	 ]\([ABCDGIRSTW][ABCDGIRSTW]*\)[	 ][	 ]*\([_A-Za-z][_A-Za-z0-9]*\)$/\1 \2 \2/p' | sed '/ __gnu_lto/d' > conftest.nm
configure:5688: gcc -o conftest -g -O2 -fdebug-prefix-map=/home/thomas/Projets/json2txt/json2txt/debian/json2txt-0.3=. -fstack-protector-strong -Wformat -Werror=format-security -Wall -pedantic -U STRICT_NUM -D EXPLICIT_SIGN -Wdate-time -D_FORTIFY_SOURCE=2 -Wl,-Bsymbolic-functions -Wl,-z,relro -Wl,--as-needed conftest.c conftstm.o >&5
conftest.c:29:20: warning: ISO C forbids conversion of function pointer to object pointer type [-Wpedantic]
   29 |   {"nm_test_func", (void *) &nm_test_func},
      |                    ^
configure:5691: $? = 0
configure:5729: result: ok
configure:5776: checking for sysroot
configure:5806: result: no
configure:5813: checking for a working dd
configure:5851: result: /usr/bin/dd
configure:5855: checking how to truncate binary pipes
configure:5870: result: /usr/bin/dd bs=4096 count=1
configure:6006: gcc -c -g -O2 -fdebug-prefix-map=/home/thomas/Projets/json2txt/json2txt/debian/json2txt-0.3=. -fstack-protector-strong -Wformat -Werror=format-security -Wall -pedantic -U STRICT_NUM -D EXPLICIT_SIGN -Wdate-time -D_FORTIFY_SOURCE=2 conftest.c >&5
configure:6009: $? = 0
configure:6199: checking for mt
configure:6215: found /usr/bin/mt
configure:6226: result: mt
configure:6249: checking if mt is a manifest tool
configure:6255: mt '-?'
configure:6263: result: no
configure:6937: checking for dlfcn.h
configure:6937: gcc -c -g -O2 -fdebug-prefix-map=/home/thomas/Projets/json2txt/json2txt/debian/json2txt-0.3=. -fstack-protector-strong -Wformat -Werror=format-security -Wall -pedantic -U STRICT_NUM -D EXPLICIT_SIGN -Wdate-time -D_FORTIFY_SOURCE=2 conftest.c >&5
configure:6937: $? = 0
configure:6937: result: yes
configure:7193: checking for objdir
configure:7208: result: .libs
configure:7472: checking if gcc supports -fno-rtti -fno-exceptions
configure:7490: gcc -c -g -O2 -fdebug-prefix-map=/home/thomas/Projets/json2txt/json2txt/debian/json2txt-0.3=. -fstack-protector-strong -Wformat -Werror=format-security -Wall -pedantic -U STRICT_NUM -D EXPLICIT_SIGN -Wdate-time -D_FORTIFY_SOURCE=2 -fno-rtti -fno-exceptions conftest.c >&5
cc1: warning: command line option '-fno-rtti' is valid for C++/D/ObjC++ but not for C
configure:7494: $? = 0
configure:7507: result: no
configure:7871: checking for gcc option to produce PIC
configure:7878: result: -fPIC -DPIC
configure:7886: checking if gcc PIC flag -fPIC -DPIC works
configure:7904: gcc -c -g -O2 -fdebug-prefix-map=/home/thomas/Projets/json2txt/json2txt/debian/json2txt-0.3=. -fstack-protector-strong -Wformat -Werror=format-security -Wall -pedantic -U STRICT_NUM -D EXPLICIT_SIGN -Wdate-time -D_FORTIFY_SOURCE=2 -fPIC -DPIC -DPIC conftest.c >&5
configure:7908: $? = 0
configure:7921: result: yes
configure:7950: checking if gcc static flag -static works
configure:7978: result: yes
configure:7993: checking if gcc supports -c -o file.o
configure:8014: gcc -c -g -O2 -fdebug-prefix-map=/home/thomas/Projets/json2txt/json2txt/debian/json2txt-0.3=. -fstack-protector-strong -Wformat -Werror=format-security -Wall -pedantic -U STRICT_NUM -D EXPLICIT_SIGN -Wdate-time -D_FORTIFY_SOURCE=2 -o out/conftest2.o conftest.c >&5
configure:8018: $? = 0
configure:8040: result: yes
configure:8048: checking if gcc supports -c -o file.o
configure:8095: result: yes
configure:8128: checking whether the gcc linker (/usr/bin/ld -m elf_x86_64) supports shared libraries
configure:9391: result: yes
configure:9428: checking whether -lc should be explicitly linked in
configure:9436: gcc -c -g -O2 -fdebug-prefix-map=/home/thomas/Projets/json2txt/json2txt/debian/json2txt-0.3=. -fstack-protector-strong -Wformat -Werror=format-security -Wall -pedantic -U STRICT_NUM -D EXPLICIT_SIGN -Wdate-time -D_FORTIFY_SOURCE=2 conftest.c >&5
configure:9439: $? = 0
configure:9454: gcc -shared  -fPIC -DPIC conftest.o  -v -Wl,-soname -Wl,conftest -o conftest 2\>\&1 \| /usr/bin/grep  -lc  \>/dev/null 2\>\&1
configure:9457: $? = 0
configure:9471: result: no
configure:9631: checking dynamic linker characteristics
configure:10212: gcc -o conftest -g -O2 -fdebug-prefix-map=/home/thomas/Projets/json2txt/json2txt/debian/json2txt-0.3=. -fstack-protector-strong -Wformat -Werror=format-security -Wall -pedantic -U STRICT_NUM -D EXPLICIT_SIGN -Wdate-time -D_FORTIFY_SOURCE=2 -Wl,-Bsymbolic-functions -Wl,-z,relro -Wl,--as-needed -Wl,-rpath -Wl,/foo conftest.c  >&5
configure:10212: $? = 0
configure:10461: result: GNU/Linux ld.so
configure:10583: checking how to hardcode library paths into programs
configure:10608: result: immediate
configure:11156: checking whether stripping libraries is possible
configure:11161: result: yes
configure:11196: checking if libtool supports shared libraries
configure:11198: result: yes
configure:11201: checking whether to build shared libraries
configure:11226: result: yes
configure:11229: checking whether to build static libraries
configure:11233: result: yes
configure:8062: checking for a BSD-compatible install
configure:8130: result: /usr/bin/install -c
configure:8141: checking whether build environment is sane
configure:8196: result: yes
configure:8342: checking for a thread-safe mkdir -p
configure:8381: result: /usr/bin/mkdir -p
configure:8384: checking whether make sets $(MAKE)
configure:8406: result: yes
configure:8428: checking whether make supports the include directive
configure:8443: make -f confmf.GNU && cat confinc.out
make[2]: Entering directory '/home/thomas/Projets/json2txt/json2txt/debian/json2txt-0.3'
make[2]: Leaving directory '/home/thomas/Projets/json2txt/json2txt/debian/json2txt-0.3'
this is the am__doit target
configure:8446: $? = 0
configure:8465: result: yes (GNU style)
configure:8498: checking whether make supports nested variables
configure:8515: result: yes
configure:8600: checking dependency style of gcc
configure:8711: result: none
configure:8770: checking whether to enable maintainer-specific portions of Makefiles
configure:8779: result: no
configure:8795: checking for size_t
configure:8795: gcc -c -g -O2 -fdebug-prefix-map=/home/thomas/Projets/json2txt/json2txt/debian/json2txt-0.3=. -fstack-protector-strong -Wformat -Werror=format-security -Wall -pedantic -U STRICT_NUM -D EXPLICIT_SIGN -Wdate-time -D_FORTIFY_SOURCE=2 conftest.c >&5
configure:8795: $? = 0
configure:8795: gcc -c -g -O2 -fdebug-prefix-map=/home/thomas/Projets/json2txt/json2txt/debian/json2txt-0.3=. -fstack-protector-strong -Wformat -Werror=format-security -Wall -pedantic -U STRICT_NUM -D EXPLICIT_SIGN -Wdate-time -D_FORTIFY_SOURCE=2 conftest.c >&5
conftest.c: In function 'main':
conftest.c:64:21: error: expected expression before ')' token
   64 | if (sizeof ((size_t)))
      |                     ^
configure:8795: $? = 1
configure: failed program was:
| /* confdefs.h */
| #define PACKAGE_NAME "json2txt"
| #define PACKAGE_TARNAME "json2txt"
| #define PACKAGE_VERSION "0.3"
| #define PACKAGE_STRING "json2txt 0.3"
| #define PACKAGE_BUGREPORT "zoeurk@gmail.com"
| #define PACKAGE_URL ""
| #define STDC_HEADERS 1
| #define HAVE_SYS_TYPES_H 1
| #define HAVE_SYS_STAT_H 1
| #define HAVE_STDLIB_H 1
| #define HAVE_STRING_H 1
| #define HAVE_MEMORY_H 1
| #define HAVE_STRINGS_H 1
| #define HAVE_INTTYPES_H 1
| #define HAVE_STDINT_H 1
| #define HAVE_UNISTD_H 1
| #define HAVE_FCNTL_H 1
| #define HAVE_STDLIB_H 1
| #define HAVE_STRING_H 1
| #define HAVE_STRINGS_H 1
| #define HAVE_UNISTD_H 1
| #define HAVE_DLFCN_H 1
| #define LT_OBJDIR ".libs/"
| #define PACKAGE "json2txt"
| #define VERSION "0.3"
| /* end confdefs.h.  */
| #include <stdio.h>
| #ifdef HAVE_SYS_TYPES_H
| # include <sys/types.h>
| #endif
| #ifdef HAVE_SYS_STAT_H
| # include <sys/stat.h>
| #endif
| #ifdef STDC_HEADERS
| # include <stdlib.h>
| # include <stddef.h>
| #else
| # ifdef HAVE_STDLIB_H
| #  include <stdlib.h>
| # endif
| #endif
| #ifdef HAVE_STRING_H
| # if !defined STDC_HEADERS && defined HAVE_MEMORY_H
| #  include <memory.h>
| # endif
| # include <string.h>
| #endif
| #ifdef HAVE_STRINGS_H
| # include <strings.h>
| #endif
| #ifdef HAVE_INTTYPES_H
| # include <inttypes.h>
| #endif
| #ifdef HAVE_STDINT_H
| # include <stdint.h>
| #endif
| #ifdef HAVE_UNISTD_H
| # include <unistd.h>
| #endif
| int
| main ()
| {
| if (sizeof ((size_t)))
| 	    return 0;
|   ;
|   return 0;
| }
configure:8795: result: yes
configure:8806: checking for ssize_t
configure:8806: gcc -c -g -O2 -fdebug-prefix-map=/home/thomas/Projets/json2txt/json2txt/debian/json2txt-0.3=. -fstack-protector-strong -Wformat -Werror=format-security -Wall -pedantic -U STRICT_NUM -D EXPLICIT_SIGN -Wdate-time -D_FORTIFY_SOURCE=2 conftest.c >&5
configure:8806: $? = 0
configure:8806: gcc -c -g -O2 -fdebug-prefix-map=/home/thomas/Projets/json2txt/json2txt/debian/json2txt-0.3=. -fstack-protector-strong -Wformat -Werror=format-security -Wall -pedantic -U STRICT_NUM -D EXPLICIT_SIGN -Wdate-time -D_FORTIFY_SOURCE=2 conftest.c >&5
conftest.c: In function 'main':
conftest.c:64:22: error: expected expression before ')' token
   64 | if (sizeof ((ssize_t)))
      |                      ^
configure:8806: $? = 1
configure: failed program was:
| /* confdefs.h */
| #define PACKAGE_NAME "json2txt"
| #define PACKAGE_TARNAME "json2txt"
| #define PACKAGE_VERSION "0.3"
| #define PACKAGE_STRING "json2txt 0.3"
| #define PACKAGE_BUGREPORT "zoeurk@gmail.com"
| #define PACKAGE_URL ""
| #define STDC_HEADERS 1
| #define HAVE_SYS_TYPES_H 1
| #define HAVE_SYS_STAT_H 1
| #define HAVE_STDLIB_H 1
| #define HAVE_STRING_H 1
| #define HAVE_MEMORY_H 1
| #define HAVE_STRINGS_H 1
| #define HAVE_INTTYPES_H 1
| #define HAVE_STDINT_H 1
| #define HAVE_UNISTD_H 1
| #define HAVE_FCNTL_H 1
| #define HAVE_STDLIB_H 1
| #define HAVE_STRING_H 1
| #define HAVE_STRINGS_H 1
| #define HAVE_UNISTD_H 1
| #define HAVE_DLFCN_H 1
| #define LT_OBJDIR ".libs/"
| #define PACKAGE "json2txt"
| #define VERSION "0.3"
| /* end confdefs.h.  */
| #include <stdio.h>
| #ifdef HAVE_SYS_TYPES_H
| # include <sys/types.h>
| #endif
| #ifdef HAVE_SYS_STAT_H
| # include <sys/stat.h>
| #endif
| #ifdef STDC_HEADERS
| # include <stdlib.h>
| # include <stddef.h>
| #else
| # ifdef HAVE_STDLIB_H
| #  include <stdlib.h>
| # endif
| #endif
| #ifdef HAVE_STRING_H
| # if !defined STDC_HEADERS && defined HAVE_MEMORY_H
| #  include <memory.h>
| # endif
| # include <string.h>
| #endif
| #ifdef HAVE_STRINGS_H
| # include <strings.h>
| #endif
| #ifdef HAVE_INTTYPES_H
| # include <inttypes.h>
| #endif
| #ifdef HAVE_STDINT_H
| # include <stdint.h>
| #endif
| #ifdef HAVE_UNISTD_H
| # include <unistd.h>
| #endif
| int
| main ()
| {
| if (sizeof ((ssize_t)))
| 	    return 0;
|   ;
|   return 0;
| }
configure:8806: result: yes
configure:8821: checking for stdlib.h
configure:8821: result: yes
configure:8831: checking for GNU libc compatible malloc
configure:8855: gcc -o conftest -g -O2 -fdebug-prefix-map=/home/thomas/Projets/json2txt/json2txt/debian/json2txt-0.3=. -fstack-protector-strong -Wformat -Werror=format-security -Wall -pedantic -U STRICT_NUM -D EXPLICIT_SIGN -Wdate-time -D_FORTIFY_SOURCE=2 -Wl,-Bsymbolic-functions -Wl,-z,relro -Wl,--as-needed conftest.c  >&5
configure:8855: $? = 0
configure:8855: ./conftest
configure:8855: $? = 0
configure:8865: result: yes
configure:8888: checking for stdlib.h
configure:8888: result: yes
configure:8898: checking for GNU libc compatible realloc
configure:8922: gcc -o conftest -g -O2 -fdebug-prefix-map=/home/thomas/Projets/json2txt/json2txt/debian/json2txt-0.3=. -fstack-protector-strong -Wformat -Werror=format-security -Wall -pedantic -U STRICT_NUM -D EXPLICIT_SIGN -Wdate-time -D_FORTIFY_SOURCE=2 -Wl,-Bsymbolic-functions -Wl,-z,relro -Wl,--as-needed conftest.c  >&5
configure:8922: $? = 0
configure:8922: ./conftest
configure:8922: $? = 0
configure:8932: result: yes
configure:8956: checking for memset
configure:8956: gcc -o conftest -g -O2 -fdebug-prefix-map=/home/thomas/Projets/json2txt/json2txt/debian/json2txt-0.3=. -fstack-protector-strong -Wformat -Werror=format-security -Wall -pedantic -U STRICT_NUM -D EXPLICIT_SIGN -Wdate-time -D_FORTIFY_SOURCE=2 -Wl,-Bsymbolic-functions -Wl,-z,relro -Wl,--as-needed conftest.c  >&5
conftest.c:55:6: warning: conflicting types for built-in function 'memset'; expected 'void *(void *, int,  long unsigned int)' [-Wbuiltin-declaration-mismatch]
   55 | char memset ();
      |      ^~~~~~
conftest.c:43:1: note: 'memset' is declared in header '<string.h>'
   42 | # include <limits.h>
   43 | #else
configure:8956: $? = 0
configure:8956: result: yes
configure:8956: checking for strcasecmp
configure:8956: gcc -o conftest -g -O2 -fdebug-prefix-map=/home/thomas/Projets/json2txt/json2txt/debian/json2txt-0.3=. -fstack-protector-strong -Wformat -Werror=format-security -Wall -pedantic -U STRICT_NUM -D EXPLICIT_SIGN -Wdate-time -D_FORTIFY_SOURCE=2 -Wl,-Bsymbolic-functions -Wl,-z,relro -Wl,--as-needed conftest.c  >&5
conftest.c:56:6: warning: conflicting types for built-in function 'strcasecmp'; expected 'int(const char *, const char *)' [-Wbuiltin-declaration-mismatch]
   56 | char strcasecmp ();
      |      ^~~~~~~~~~
configure:8956: $? = 0
configure:8956: result: yes
configure:9069: checking that generated files are newer than configure
configure:9075: result: done
configure:9102: creating ./config.status

## ---------------------- ##
## Running config.status. ##
## ---------------------- ##

This file was extended by json2txt config.status 0.3, which was
generated by GNU Autoconf 2.69.  Invocation command line was

  CONFIG_FILES    = 
  CONFIG_HEADERS  = 
  CONFIG_LINKS    = 
  CONFIG_COMMANDS = 
  $ ./config.status 

on Mayhem

config.status:1097: creating Makefile
config.status:1097: creating lib/Makefile
config.status:1097: creating main/Makefile
config.status:1097: creating config.h
config.status:1326: executing libtool commands
config.status:1326: executing depfiles commands

## ---------------- ##
## Cache variables. ##
## ---------------- ##

ac_cv_build=x86_64-pc-linux-gnu
ac_cv_c_compiler_gnu=yes
ac_cv_env_CC_set=
ac_cv_env_CC_value=
ac_cv_env_CFLAGS_set=set
ac_cv_env_CFLAGS_value='-g -O2 -fdebug-prefix-map=/home/thomas/Projets/json2txt/json2txt/debian/json2txt-0.3=. -fstack-protector-strong -Wformat -Werror=format-security -Wall -pedantic -U STRICT_NUM -D EXPLICIT_SIGN'
ac_cv_env_CPPFLAGS_set=set
ac_cv_env_CPPFLAGS_value='-Wdate-time -D_FORTIFY_SOURCE=2'
ac_cv_env_CPP_set=
ac_cv_env_CPP_value=
ac_cv_env_LDFLAGS_set=set
ac_cv_env_LDFLAGS_value='-Wl,-Bsymbolic-functions -Wl,-z,relro -Wl,--as-needed'
ac_cv_env_LIBS_set=
ac_cv_env_LIBS_value=
ac_cv_env_LT_SYS_LIBRARY_PATH_set=
ac_cv_env_LT_SYS_LIBRARY_PATH_value=
ac_cv_env_build_alias_set=set
ac_cv_env_build_alias_value=x86_64-linux-gnu
ac_cv_env_host_alias_set=
ac_cv_env_host_alias_value=
ac_cv_env_target_alias_set=
ac_cv_env_target_alias_value=
ac_cv_func_malloc_0_nonnull=yes
ac_cv_func_memset=yes
ac_cv_func_realloc_0_nonnull=yes
ac_cv_func_strcasecmp=yes
ac_cv_header_dlfcn_h=yes
ac_cv_header_fcntl_h=yes
ac_cv_header_inttypes_h=yes
ac_cv_header_memory_h=yes
ac_cv_header_stdc=yes
ac_cv_header_stdint_h=yes
ac_cv_header_stdlib_h=yes
ac_cv_header_string_h=yes
ac_cv_header_strings_h=yes
ac_cv_header_sys_stat_h=yes
ac_cv_header_sys_types_h=yes
ac_cv_header_unistd_h=yes
ac_cv_host=x86_64-pc-linux-gnu
ac_cv_objext=o
ac_cv_path_EGREP='/usr/bin/grep -E'
ac_cv_path_FGREP='/usr/bin/grep -F'
ac_cv_path_GREP=/usr/bin/grep
ac_cv_path_SED=/usr/bin/sed
ac_cv_path_install='/usr/bin/install -c'
ac_cv_path_lt_DD=/usr/bin/dd
ac_cv_path_mkdir=/usr/bin/mkdir
ac_cv_prog_AWK=gawk
ac_cv_prog_CPP='gcc -E'
ac_cv_prog_ac_ct_AR=ar
ac_cv_prog_ac_ct_CC=gcc
ac_cv_prog_ac_ct_MANIFEST_TOOL=mt
ac_cv_prog_ac_ct_OBJDUMP=objdump
ac_cv_prog_ac_ct_RANLIB=ranlib
ac_cv_prog_ac_ct_STRIP=strip
ac_cv_prog_cc_c89=
ac_cv_prog_cc_g=yes
ac_cv_prog_make_make_set=yes
ac_cv_type_size_t=yes
ac_cv_type_ssize_t=yes
am_cv_CC_dependencies_compiler_type=none
am_cv_make_support_nested_variables=yes
am_cv_prog_cc_c_o=yes
lt_cv_ar_at_file=@
lt_cv_archive_cmds_need_lc=no
lt_cv_deplibs_check_method=pass_all
lt_cv_file_magic_cmd='$MAGIC_CMD'
lt_cv_file_magic_test_file=
lt_cv_ld_reload_flag=-r
lt_cv_nm_interface='BSD nm'
lt_cv_objdir=.libs
lt_cv_path_LD=/usr/bin/ld
lt_cv_path_NM='/usr/bin/nm -B'
lt_cv_path_mainfest_tool=no
lt_cv_prog_compiler_c_o=yes
lt_cv_prog_compiler_pic='-fPIC -DPIC'
lt_cv_prog_compiler_pic_works=yes
lt_cv_prog_compiler_rtti_exceptions=no
lt_cv_prog_compiler_static_works=yes
lt_cv_prog_gnu_ld=yes
lt_cv_sharedlib_from_linklib_cmd='printf %s\n'
lt_cv_shlibpath_overrides_runpath=yes
lt_cv_sys_global_symbol_pipe='sed -n -e '\''s/^.*[	 ]\([ABCDGIRSTW][ABCDGIRSTW]*\)[	 ][	 ]*\([_A-Za-z][_A-Za-z0-9]*\)$/\1 \2 \2/p'\'' | sed '\''/ __gnu_lto/d'\'''
lt_cv_sys_global_symbol_to_c_name_address='sed -n -e '\''s/^: \(.*\) .*$/  {"\1", (void *) 0},/p'\'' -e '\''s/^[ABCDGIRSTW][ABCDGIRSTW]* .* \(.*\)$/  {"\1", (void *) \&\1},/p'\'''
lt_cv_sys_global_symbol_to_c_name_address_lib_prefix='sed -n -e '\''s/^: \(.*\) .*$/  {"\1", (void *) 0},/p'\'' -e '\''s/^[ABCDGIRSTW][ABCDGIRSTW]* .* \(lib.*\)$/  {"\1", (void *) \&\1},/p'\'' -e '\''s/^[ABCDGIRSTW][ABCDGIRSTW]* .* \(.*\)$/  {"lib\1", (void *) \&\1},/p'\'''
lt_cv_sys_global_symbol_to_cdecl='sed -n -e '\''s/^T .* \(.*\)$/extern int \1();/p'\'' -e '\''s/^[ABCDGIRSTW][ABCDGIRSTW]* .* \(.*\)$/extern char \1;/p'\'''
lt_cv_sys_global_symbol_to_import=
lt_cv_sys_max_cmd_len=1572864
lt_cv_to_host_file_cmd=func_convert_file_noop
lt_cv_to_tool_file_cmd=func_convert_file_noop
lt_cv_truncate_bin='/usr/bin/dd bs=4096 count=1'

## ----------------- ##
## Output variables. ##
## ----------------- ##

ACLOCAL='${SHELL} /home/thomas/Projets/json2txt/json2txt/debian/json2txt-0.3/missing aclocal-1.16'
AMDEPBACKSLASH=''
AMDEP_FALSE=''
AMDEP_TRUE='#'
AMTAR='$${TAR-tar}'
AM_BACKSLASH='\'
AM_DEFAULT_V='$(AM_DEFAULT_VERBOSITY)'
AM_DEFAULT_VERBOSITY='1'
AM_V='$(V)'
AR='ar'
AUTOCONF='${SHELL} /home/thomas/Projets/json2txt/json2txt/debian/json2txt-0.3/missing autoconf'
AUTOHEADER='${SHELL} /home/thomas/Projets/json2txt/json2txt/debian/json2txt-0.3/missing autoheader'
AUTOMAKE='${SHELL} /home/thomas/Projets/json2txt/json2txt/debian/json2txt-0.3/missing automake-1.16'
AWK='gawk'
CC='gcc'
CCDEPMODE='depmode=none'
CFLAGS='-g -O2 -fdebug-prefix-map=/home/thomas/Projets/json2txt/json2txt/debian/json2txt-0.3=. -fstack-protector-strong -Wformat -Werror=format-security -Wall -pedantic -U STRICT_NUM -D EXPLICIT_SIGN'
CPP='gcc -E'
CPPFLAGS='-Wdate-time -D_FORTIFY_SOURCE=2'
CYGPATH_W='echo'
DEFS='-DHAVE_CONFIG_H'
DEPDIR='.deps'
DLLTOOL='false'
DSYMUTIL=''
DUMPBIN=''
ECHO_C=''
ECHO_N='-n'
ECHO_T=''
EGREP='/usr/bin/grep -E'
EXEEXT=''
FGREP='/usr/bin/grep -F'
GREP='/usr/bin/grep'
INSTALL_DATA='${INSTALL} -m 644'
INSTALL_PROGRAM='${INSTALL}'
INSTALL_SCRIPT='${INSTALL}'
INSTALL_STRIP_PROGRAM='$(install_sh) -c -s'
LD='/usr/bin/ld -m elf_x86_64'
LDFLAGS='-Wl,-Bsymbolic-functions -Wl,-z,relro -Wl,--as-needed'
LIBOBJS=''
LIBS=''
LIBTOOL='$(SHELL) $(top_builddir)/libtool'
LIPO=''
LN_S='ln -s'
LTLIBOBJS=''
LT_SYS_LIBRARY_PATH=''
MAINT='#'
MAINTAINER_MODE_FALSE=''
MAINTAINER_MODE_TRUE='#'
MAKEINFO='${SHELL} /home/thomas/Projets/json2txt/json2txt/debian/json2txt-0.3/missing makeinfo'
MANIFEST_TOOL=':'
MKDIR_P='/usr/bin/mkdir -p'
NM='/usr/bin/nm -B'
NMEDIT=''
OBJDUMP='objdump'
OBJEXT='o'
OTOOL64=''
OTOOL=''
PACKAGE='json2txt'
PACKAGE_BUGREPORT='zoeurk@gmail.com'
PACKAGE_NAME='json2txt'
PACKAGE_STRING='json2txt 0.3'
PACKAGE_TARNAME='json2txt'
PACKAGE_URL=''
PACKAGE_VERSION='0.3'
PATH_SEPARATOR=':'
RANLIB='ranlib'
SED='/usr/bin/sed'
SET_MAKE=''
SHELL='/bin/bash'
STRIP='strip'
VERSION='0.3'
ac_ct_AR='ar'
ac_ct_CC='gcc'
ac_ct_DUMPBIN=''
am__EXEEXT_FALSE=''
am__EXEEXT_TRUE='#'
am__fastdepCC_FALSE=''
am__fastdepCC_TRUE='#'
am__include='include'
am__isrc=''
am__leading_dot='.'
am__nodep=''
am__quote=''
am__tar='$${TAR-tar} chof - "$$tardir"'
am__untar='$${TAR-tar} xf -'
bindir='${exec_prefix}/bin'
build='x86_64-pc-linux-gnu'
build_alias='x86_64-linux-gnu'
build_cpu='x86_64'
build_os='linux-gnu'
build_vendor='pc'
datadir='${datarootdir}'
datarootdir='${prefix}/share'
docdir='${datarootdir}/doc/${PACKAGE_TARNAME}'
dvidir='${docdir}'
exec_prefix='${prefix}'
host='x86_64-pc-linux-gnu'
host_alias=''
host_cpu='x86_64'
host_os='linux-gnu'
host_vendor='pc'
htmldir='${docdir}'
includedir='/usr/include/json2txt'
infodir='${prefix}/share/info'
install_sh='${SHELL} /home/thomas/Projets/json2txt/json2txt/debian/json2txt-0.3/install-sh'
libdir='/usr/lib/x86_64-linux-gnu/json2txt'
libexecdir='${exec_prefix}/libexec'
localedir='${datarootdir}/locale'
localstatedir='/var'
mandir='${prefix}/share/man'
mkdir_p='$(MKDIR_P)'
oldincludedir='/usr/include'
pdfdir='${docdir}'
prefix='/usr'
program_transform_name='s,x,x,'
psdir='${docdir}'
runstatedir='/run'
sbindir='${exec_prefix}/sbin'
sharedstatedir='${prefix}/com'
sysconfdir='/etc'
target_alias=''

## ----------- ##
## confdefs.h. ##
## ----------- ##

/* confdefs.h */
#define PACKAGE_NAME "json2txt"
#define PACKAGE_TARNAME "json2txt"
#define PACKAGE_VERSION "0.3"
#define PACKAGE_STRING "json2txt 0.3"
#define PACKAGE_BUGREPORT "zoeurk@gmail.com"
#define PACKAGE_URL ""
#define STDC_HEADERS 1
#define HAVE_SYS_TYPES_H 1
#define HAVE_SYS_STAT_H 1
#define HAVE_STDLIB_H 1
#define HAVE_STRING_H 1
#define HAVE_MEMORY_H 1
#define HAVE_STRINGS_H 1
#define HAVE_INTTYPES_H 1
#define HAVE_STDINT_H 1
#define HAVE_UNISTD_H 1
#define HAVE_FCNTL_H 1
#define HAVE_STDLIB_H 1
#define HAVE_STRING_H 1
#define HAVE_STRINGS_H 1
#define HAVE_UNISTD_H 1
#define HAVE_DLFCN_H 1
#define LT_OBJDIR ".libs/"
#define PACKAGE "json2txt"
#define VERSION "0.3"
#define HAVE_STDLIB_H 1
#define HAVE_MALLOC 1
#define HAVE_STDLIB_H 1
#define HAVE_REALLOC 1
#define HAVE_MEMSET 1
#define HAVE_STRCASECMP 1

configure: exit 0
